type-checked!
3
'(1 2 5)
17
2222
1
'(1 2)
3
2222
3
'(1 2 5)
17
2222
2
'(1 2 3)
12
2222
3
'(1 2 5)
17
2222
1
'(1 77)
12
2222
'finished
