(num-val 1)
(num-val 2)
(num-val 3)
(num-val 2222)
(num-val 2)
(list-val (list (num-val 1) (num-val 2) (num-val 3)))
(num-val 12)
(num-val 2222)
(num-val 1)
(num-val 5)
(num-val 12)
(num-val 2222)
'finished
