(num-val 222222)
(num-val 1)
(num-val 222222)
(num-val 4)
(num-val 222222)
(num-val 3)
(num-val 222222)
(num-val 2)
(num-val 222222)
(num-val 1)
(num-val 4)
(num-val 222222)
(num-val 2)
(num-val 222222)
(num-val 1)
(num-val 0)
'finished
