(list-val
 (list
  (tank
   (app-expr (app-expr (ident-expr 'f) (ident-expr 'x)) (end-of-args-expr))
   (box
    (list
     (list 'x (box (num-val 1)))
     (list 'result (box (list-val '())))
     (list 'f (box (proc-val #<procedure:...oject/evaluator.rkt:55:14>)))
     (list 'l (box (list-val (list (num-val 1) (num-val 2) (num-val 5)))))
     (list 'map (box (proc-val #<procedure:...oject/evaluator.rkt:55:14>)))
     (list '$index (box (proc-val #<procedure:...oject/evaluator.rkt:115:14>)))
     (list '$none (box (none-val)))
     (list '$f (box (bool-val #f)))
     (list '$t (box (bool-val #t)))
     (list '$and (box (proc-val #<procedure:...oject/evaluator.rkt:121:14>)))
     (list '$or (box (proc-val #<procedure:...oject/evaluator.rkt:121:14>)))
     (list '$gt? (box (proc-val #<procedure:...oject/evaluator.rkt:127:14>)))
     (list '$lt? (box (proc-val #<procedure:...oject/evaluator.rkt:127:14>)))
     (list '$eq? (box (proc-val #<procedure:...oject/evaluator.rkt:127:14>)))
     (list '$dummy (box (proc-val #<procedure:...oject/evaluator.rkt:95:14>)))
     (list '$div (box (proc-val #<procedure:...oject/evaluator.rkt:95:14>)))
     (list '$minus (box (proc-val #<procedure:...oject/evaluator.rkt:95:14>)))
     (list '$pow (box (proc-val #<procedure:...oject/evaluator.rkt:95:14>)))
     (list '$plus (box (proc-val #<procedure:...oject/evaluator.rkt:95:14>)))
     (list '$mul (box (proc-val #<procedure:...oject/evaluator.rkt:105:14>)))
     (list '$not (box (proc-val #<procedure:...oject/evaluator.rkt:136:30>)))
     (list
      'print
      (box (proc-val #<procedure:...oject/evaluator.rkt:135:31>)))))
   (box
    (list
     (list
      'multitwo
      (box (proc-val #<procedure:...oject/evaluator.rkt:55:14>)))
     (list 'map (box (proc-val #<procedure:...oject/evaluator.rkt:55:14>)))
     (list '$index (box (proc-val #<procedure:...oject/evaluator.rkt:115:14>)))
     (list '$none (box (none-val)))
     (list '$f (box (bool-val #f)))
     (list '$t (box (bool-val #t)))
     (list '$and (box (proc-val #<procedure:...oject/evaluator.rkt:121:14>)))
     (list '$or (box (proc-val #<procedure:...oject/evaluator.rkt:121:14>)))
     (list '$gt? (box (proc-val #<procedure:...oject/evaluator.rkt:127:14>)))
     (list '$lt? (box (proc-val #<procedure:...oject/evaluator.rkt:127:14>)))
     (list '$eq? (box (proc-val #<procedure:...oject/evaluator.rkt:127:14>)))
     (list '$dummy (box (proc-val #<procedure:...oject/evaluator.rkt:95:14>)))
     (list '$div (box (proc-val #<procedure:...oject/evaluator.rkt:95:14>)))
     (list '$minus (box (proc-val #<procedure:...oject/evaluator.rkt:95:14>)))
     (list '$pow (box (proc-val #<procedure:...oject/evaluator.rkt:95:14>)))
     (list '$plus (box (proc-val #<procedure:...oject/evaluator.rkt:95:14>)))
     (list '$mul (box (proc-val #<procedure:...oject/evaluator.rkt:105:14>)))
     (list '$not (box (proc-val #<procedure:...oject/evaluator.rkt:136:30>)))
     (list 'print (box (proc-val #<procedure:...oject/evaluator.rkt:135:31>)))
     (list
      'multitwo
      (box (proc-val #<procedure:...oject/evaluator.rkt:55:14>)))
     (list 'map (box (proc-val #<procedure:...oject/evaluator.rkt:55:14>)))
     (list '$index (box (proc-val #<procedure:...oject/evaluator.rkt:115:14>)))
     (list '$none (box (none-val)))
     (list '$f (box (bool-val #f)))
     (list '$t (box (bool-val #t)))
     (list '$and (box (proc-val #<procedure:...oject/evaluator.rkt:121:14>)))
     (list '$or (box (proc-val #<procedure:...oject/evaluator.rkt:121:14>)))
     (list '$gt? (box (proc-val #<procedure:...oject/evaluator.rkt:127:14>)))
     (list '$lt? (box (proc-val #<procedure:...oject/evaluator.rkt:127:14>)))
     (list '$eq? (box (proc-val #<procedure:...oject/evaluator.rkt:127:14>)))
     (list '$dummy (box (proc-val #<procedure:...oject/evaluator.rkt:95:14>)))
     (list '$div (box (proc-val #<procedure:...oject/evaluator.rkt:95:14>)))
     (list '$minus (box (proc-val #<procedure:...oject/evaluator.rkt:95:14>)))
     (list '$pow (box (proc-val #<procedure:...oject/evaluator.rkt:95:14>)))
     (list '$plus (box (proc-val #<procedure:...oject/evaluator.rkt:95:14>)))
     (list '$mul (box (proc-val #<procedure:...oject/evaluator.rkt:105:14>)))
     (list '$not (box (proc-val #<procedure:...oject/evaluator.rkt:136:30>)))
     (list
      'print
      (box (proc-val #<procedure:...oject/evaluator.rkt:135:31>))))))
  (tank
   (app-expr (app-expr (ident-expr 'f) (ident-expr 'x)) (end-of-args-expr))
   (box
    (list
     (list 'x (box (num-val 2)))
     (list 'x (box (num-val 1)))
     (list
      'result
      (box
       (list-val
        (list
         (tank
          (app-expr
           (app-expr (ident-expr 'f) (ident-expr 'x))
           (end-of-args-expr))
          (box
           (list
            (list 'x (box (num-val 1)))
            (list 'result (box (list-val '())))
            (list
             'f
             (box (proc-val #<procedure:...oject/evaluator.rkt:55:14>)))
            (list
             'l
             (box (list-val (list (num-val 1) (num-val 2) (num-val 5)))))
            (list
             'map
             (box (proc-val #<procedure:...oject/evaluator.rkt:55:14>)))
            (list
             '$index
             (box (proc-val #<procedure:...oject/evaluator.rkt:115:14>)))
            (list '$none (box (none-val)))
            (list '$f (box (bool-val #f)))
            (list '$t (box (bool-val #t)))
            (list
             '$and
             (box (proc-val #<procedure:...oject/evaluator.rkt:121:14>)))
            (list
             '$or
             (box (proc-val #<procedure:...oject/evaluator.rkt:121:14>)))
            (list
             '$gt?
             (box (proc-val #<procedure:...oject/evaluator.rkt:127:14>)))
            (list
             '$lt?
             (box (proc-val #<procedure:...oject/evaluator.rkt:127:14>)))
            (list
             '$eq?
             (box (proc-val #<procedure:...oject/evaluator.rkt:127:14>)))
            (list
             '$dummy
             (box (proc-val #<procedure:...oject/evaluator.rkt:95:14>)))
            (list
             '$div
             (box (proc-val #<procedure:...oject/evaluator.rkt:95:14>)))
            (list
             '$minus
             (box (proc-val #<procedure:...oject/evaluator.rkt:95:14>)))
            (list
             '$pow
             (box (proc-val #<procedure:...oject/evaluator.rkt:95:14>)))
            (list
             '$plus
             (box (proc-val #<procedure:...oject/evaluator.rkt:95:14>)))
            (list
             '$mul
             (box (proc-val #<procedure:...oject/evaluator.rkt:105:14>)))
            (list
             '$not
             (box (proc-val #<procedure:...oject/evaluator.rkt:136:30>)))
            (list
             'print
             (box (proc-val #<procedure:...oject/evaluator.rkt:135:31>)))))
          (box
           (list
            (list
             'multitwo
             (box (proc-val #<procedure:...oject/evaluator.rkt:55:14>)))
            (list
             'map
             (box (proc-val #<procedure:...oject/evaluator.rkt:55:14>)))
            (list
             '$index
             (box (proc-val #<procedure:...oject/evaluator.rkt:115:14>)))
            (list '$none (box (none-val)))
            (list '$f (box (bool-val #f)))
            (list '$t (box (bool-val #t)))
            (list
             '$and
             (box (proc-val #<procedure:...oject/evaluator.rkt:121:14>)))
            (list
             '$or
             (box (proc-val #<procedure:...oject/evaluator.rkt:121:14>)))
            (list
             '$gt?
             (box (proc-val #<procedure:...oject/evaluator.rkt:127:14>)))
            (list
             '$lt?
             (box (proc-val #<procedure:...oject/evaluator.rkt:127:14>)))
            (list
             '$eq?
             (box (proc-val #<procedure:...oject/evaluator.rkt:127:14>)))
            (list
             '$dummy
             (box (proc-val #<procedure:...oject/evaluator.rkt:95:14>)))
            (list
             '$div
             (box (proc-val #<procedure:...oject/evaluator.rkt:95:14>)))
            (list
             '$minus
             (box (proc-val #<procedure:...oject/evaluator.rkt:95:14>)))
            (list
             '$pow
             (box (proc-val #<procedure:...oject/evaluator.rkt:95:14>)))
            (list
             '$plus
             (box (proc-val #<procedure:...oject/evaluator.rkt:95:14>)))
            (list
             '$mul
             (box (proc-val #<procedure:...oject/evaluator.rkt:105:14>)))
            (list
             '$not
             (box (proc-val #<procedure:...oject/evaluator.rkt:136:30>)))
            (list
             'print
             (box (proc-val #<procedure:...oject/evaluator.rkt:135:31>)))
            (list
             'multitwo
             (box (proc-val #<procedure:...oject/evaluator.rkt:55:14>)))
            (list
             'map
             (box (proc-val #<procedure:...oject/evaluator.rkt:55:14>)))
            (list
             '$index
             (box (proc-val #<procedure:...oject/evaluator.rkt:115:14>)))
            (list '$none (box (none-val)))
            (list '$f (box (bool-val #f)))
            (list '$t (box (bool-val #t)))
            (list
             '$and
             (box (proc-val #<procedure:...oject/evaluator.rkt:121:14>)))
            (list
             '$or
             (box (proc-val #<procedure:...oject/evaluator.rkt:121:14>)))
            (list
             '$gt?
             (box (proc-val #<procedure:...oject/evaluator.rkt:127:14>)))
            (list
             '$lt?
             (box (proc-val #<procedure:...oject/evaluator.rkt:127:14>)))
            (list
             '$eq?
             (box (proc-val #<procedure:...oject/evaluator.rkt:127:14>)))
            (list
             '$dummy
             (box (proc-val #<procedure:...oject/evaluator.rkt:95:14>)))
            (list
             '$div
             (box (proc-val #<procedure:...oject/evaluator.rkt:95:14>)))
            (list
             '$minus
             (box (proc-val #<procedure:...oject/evaluator.rkt:95:14>)))
            (list
             '$pow
             (box (proc-val #<procedure:...oject/evaluator.rkt:95:14>)))
            (list
             '$plus
             (box (proc-val #<procedure:...oject/evaluator.rkt:95:14>)))
            (list
             '$mul
             (box (proc-val #<procedure:...oject/evaluator.rkt:105:14>)))
            (list
             '$not
             (box (proc-val #<procedure:...oject/evaluator.rkt:136:30>)))
            (list
             'print
             (box
              (proc-val #<procedure:...oject/evaluator.rkt:135:31>))))))))))
     (list 'f (box (proc-val #<procedure:...oject/evaluator.rkt:55:14>)))
     (list 'l (box (list-val (list (num-val 1) (num-val 2) (num-val 5)))))
     (list 'map (box (proc-val #<procedure:...oject/evaluator.rkt:55:14>)))
     (list '$index (box (proc-val #<procedure:...oject/evaluator.rkt:115:14>)))
     (list '$none (box (none-val)))
     (list '$f (box (bool-val #f)))
     (list '$t (box (bool-val #t)))
     (list '$and (box (proc-val #<procedure:...oject/evaluator.rkt:121:14>)))
     (list '$or (box (proc-val #<procedure:...oject/evaluator.rkt:121:14>)))
     (list '$gt? (box (proc-val #<procedure:...oject/evaluator.rkt:127:14>)))
     (list '$lt? (box (proc-val #<procedure:...oject/evaluator.rkt:127:14>)))
     (list '$eq? (box (proc-val #<procedure:...oject/evaluator.rkt:127:14>)))
     (list '$dummy (box (proc-val #<procedure:...oject/evaluator.rkt:95:14>)))
     (list '$div (box (proc-val #<procedure:...oject/evaluator.rkt:95:14>)))
     (list '$minus (box (proc-val #<procedure:...oject/evaluator.rkt:95:14>)))
     (list '$pow (box (proc-val #<procedure:...oject/evaluator.rkt:95:14>)))
     (list '$plus (box (proc-val #<procedure:...oject/evaluator.rkt:95:14>)))
     (list '$mul (box (proc-val #<procedure:...oject/evaluator.rkt:105:14>)))
     (list '$not (box (proc-val #<procedure:...oject/evaluator.rkt:136:30>)))
     (list
      'print
      (box (proc-val #<procedure:...oject/evaluator.rkt:135:31>)))))
   (box
    (list
     (list
      'multitwo
      (box (proc-val #<procedure:...oject/evaluator.rkt:55:14>)))
     (list 'map (box (proc-val #<procedure:...oject/evaluator.rkt:55:14>)))
     (list '$index (box (proc-val #<procedure:...oject/evaluator.rkt:115:14>)))
     (list '$none (box (none-val)))
     (list '$f (box (bool-val #f)))
     (list '$t (box (bool-val #t)))
     (list '$and (box (proc-val #<procedure:...oject/evaluator.rkt:121:14>)))
     (list '$or (box (proc-val #<procedure:...oject/evaluator.rkt:121:14>)))
     (list '$gt? (box (proc-val #<procedure:...oject/evaluator.rkt:127:14>)))
     (list '$lt? (box (proc-val #<procedure:...oject/evaluator.rkt:127:14>)))
     (list '$eq? (box (proc-val #<procedure:...oject/evaluator.rkt:127:14>)))
     (list '$dummy (box (proc-val #<procedure:...oject/evaluator.rkt:95:14>)))
     (list '$div (box (proc-val #<procedure:...oject/evaluator.rkt:95:14>)))
     (list '$minus (box (proc-val #<procedure:...oject/evaluator.rkt:95:14>)))
     (list '$pow (box (proc-val #<procedure:...oject/evaluator.rkt:95:14>)))
     (list '$plus (box (proc-val #<procedure:...oject/evaluator.rkt:95:14>)))
     (list '$mul (box (proc-val #<procedure:...oject/evaluator.rkt:105:14>)))
     (list '$not (box (proc-val #<procedure:...oject/evaluator.rkt:136:30>)))
     (list 'print (box (proc-val #<procedure:...oject/evaluator.rkt:135:31>)))
     (list
      'multitwo
      (box (proc-val #<procedure:...oject/evaluator.rkt:55:14>)))
     (list 'map (box (proc-val #<procedure:...oject/evaluator.rkt:55:14>)))
     (list '$index (box (proc-val #<procedure:...oject/evaluator.rkt:115:14>)))
     (list '$none (box (none-val)))
     (list '$f (box (bool-val #f)))
     (list '$t (box (bool-val #t)))
     (list '$and (box (proc-val #<procedure:...oject/evaluator.rkt:121:14>)))
     (list '$or (box (proc-val #<procedure:...oject/evaluator.rkt:121:14>)))
     (list '$gt? (box (proc-val #<procedure:...oject/evaluator.rkt:127:14>)))
     (list '$lt? (box (proc-val #<procedure:...oject/evaluator.rkt:127:14>)))
     (list '$eq? (box (proc-val #<procedure:...oject/evaluator.rkt:127:14>)))
     (list '$dummy (box (proc-val #<procedure:...oject/evaluator.rkt:95:14>)))
     (list '$div (box (proc-val #<procedure:...oject/evaluator.rkt:95:14>)))
     (list '$minus (box (proc-val #<procedure:...oject/evaluator.rkt:95:14>)))
     (list '$pow (box (proc-val #<procedure:...oject/evaluator.rkt:95:14>)))
     (list '$plus (box (proc-val #<procedure:...oject/evaluator.rkt:95:14>)))
     (list '$mul (box (proc-val #<procedure:...oject/evaluator.rkt:105:14>)))
     (list '$not (box (proc-val #<procedure:...oject/evaluator.rkt:136:30>)))
     (list
      'print
      (box (proc-val #<procedure:...oject/evaluator.rkt:135:31>))))))
  (tank
   (app-expr (app-expr (ident-expr 'f) (ident-expr 'x)) (end-of-args-expr))
   (box
    (list
     (list 'x (box (num-val 5)))
     (list 'x (box (num-val 2)))
     (list 'x (box (num-val 1)))
     (list
      'result
      (box
       (list-val
        (list
         (tank
          (app-expr
           (app-expr (ident-expr 'f) (ident-expr 'x))
           (end-of-args-expr))
          (box
           (list
            (list 'x (box (num-val 1)))
            (list 'result (box (list-val '())))
            (list
             'f
             (box (proc-val #<procedure:...oject/evaluator.rkt:55:14>)))
            (list
             'l
             (box (list-val (list (num-val 1) (num-val 2) (num-val 5)))))
            (list
             'map
             (box (proc-val #<procedure:...oject/evaluator.rkt:55:14>)))
            (list
             '$index
             (box (proc-val #<procedure:...oject/evaluator.rkt:115:14>)))
            (list '$none (box (none-val)))
            (list '$f (box (bool-val #f)))
            (list '$t (box (bool-val #t)))
            (list
             '$and
             (box (proc-val #<procedure:...oject/evaluator.rkt:121:14>)))
            (list
             '$or
             (box (proc-val #<procedure:...oject/evaluator.rkt:121:14>)))
            (list
             '$gt?
             (box (proc-val #<procedure:...oject/evaluator.rkt:127:14>)))
            (list
             '$lt?
             (box (proc-val #<procedure:...oject/evaluator.rkt:127:14>)))
            (list
             '$eq?
             (box (proc-val #<procedure:...oject/evaluator.rkt:127:14>)))
            (list
             '$dummy
             (box (proc-val #<procedure:...oject/evaluator.rkt:95:14>)))
            (list
             '$div
             (box (proc-val #<procedure:...oject/evaluator.rkt:95:14>)))
            (list
             '$minus
             (box (proc-val #<procedure:...oject/evaluator.rkt:95:14>)))
            (list
             '$pow
             (box (proc-val #<procedure:...oject/evaluator.rkt:95:14>)))
            (list
             '$plus
             (box (proc-val #<procedure:...oject/evaluator.rkt:95:14>)))
            (list
             '$mul
             (box (proc-val #<procedure:...oject/evaluator.rkt:105:14>)))
            (list
             '$not
             (box (proc-val #<procedure:...oject/evaluator.rkt:136:30>)))
            (list
             'print
             (box (proc-val #<procedure:...oject/evaluator.rkt:135:31>)))))
          (box
           (list
            (list
             'multitwo
             (box (proc-val #<procedure:...oject/evaluator.rkt:55:14>)))
            (list
             'map
             (box (proc-val #<procedure:...oject/evaluator.rkt:55:14>)))
            (list
             '$index
             (box (proc-val #<procedure:...oject/evaluator.rkt:115:14>)))
            (list '$none (box (none-val)))
            (list '$f (box (bool-val #f)))
            (list '$t (box (bool-val #t)))
            (list
             '$and
             (box (proc-val #<procedure:...oject/evaluator.rkt:121:14>)))
            (list
             '$or
             (box (proc-val #<procedure:...oject/evaluator.rkt:121:14>)))
            (list
             '$gt?
             (box (proc-val #<procedure:...oject/evaluator.rkt:127:14>)))
            (list
             '$lt?
             (box (proc-val #<procedure:...oject/evaluator.rkt:127:14>)))
            (list
             '$eq?
             (box (proc-val #<procedure:...oject/evaluator.rkt:127:14>)))
            (list
             '$dummy
             (box (proc-val #<procedure:...oject/evaluator.rkt:95:14>)))
            (list
             '$div
             (box (proc-val #<procedure:...oject/evaluator.rkt:95:14>)))
            (list
             '$minus
             (box (proc-val #<procedure:...oject/evaluator.rkt:95:14>)))
            (list
             '$pow
             (box (proc-val #<procedure:...oject/evaluator.rkt:95:14>)))
            (list
             '$plus
             (box (proc-val #<procedure:...oject/evaluator.rkt:95:14>)))
            (list
             '$mul
             (box (proc-val #<procedure:...oject/evaluator.rkt:105:14>)))
            (list
             '$not
             (box (proc-val #<procedure:...oject/evaluator.rkt:136:30>)))
            (list
             'print
             (box (proc-val #<procedure:...oject/evaluator.rkt:135:31>)))
            (list
             'multitwo
             (box (proc-val #<procedure:...oject/evaluator.rkt:55:14>)))
            (list
             'map
             (box (proc-val #<procedure:...oject/evaluator.rkt:55:14>)))
            (list
             '$index
             (box (proc-val #<procedure:...oject/evaluator.rkt:115:14>)))
            (list '$none (box (none-val)))
            (list '$f (box (bool-val #f)))
            (list '$t (box (bool-val #t)))
            (list
             '$and
             (box (proc-val #<procedure:...oject/evaluator.rkt:121:14>)))
            (list
             '$or
             (box (proc-val #<procedure:...oject/evaluator.rkt:121:14>)))
            (list
             '$gt?
             (box (proc-val #<procedure:...oject/evaluator.rkt:127:14>)))
            (list
             '$lt?
             (box (proc-val #<procedure:...oject/evaluator.rkt:127:14>)))
            (list
             '$eq?
             (box (proc-val #<procedure:...oject/evaluator.rkt:127:14>)))
            (list
             '$dummy
             (box (proc-val #<procedure:...oject/evaluator.rkt:95:14>)))
            (list
             '$div
             (box (proc-val #<procedure:...oject/evaluator.rkt:95:14>)))
            (list
             '$minus
             (box (proc-val #<procedure:...oject/evaluator.rkt:95:14>)))
            (list
             '$pow
             (box (proc-val #<procedure:...oject/evaluator.rkt:95:14>)))
            (list
             '$plus
             (box (proc-val #<procedure:...oject/evaluator.rkt:95:14>)))
            (list
             '$mul
             (box (proc-val #<procedure:...oject/evaluator.rkt:105:14>)))
            (list
             '$not
             (box (proc-val #<procedure:...oject/evaluator.rkt:136:30>)))
            (list
             'print
             (box (proc-val #<procedure:...oject/evaluator.rkt:135:31>))))))
         (tank
          (app-expr
           (app-expr (ident-expr 'f) (ident-expr 'x))
           (end-of-args-expr))
          (box
           (list
            (list 'x (box (num-val 2)))
            (list 'x (box (num-val 1)))
            (list
             'result
             (box
              (list-val
               (list
                (tank
                 (app-expr
                  (app-expr (ident-expr 'f) (ident-expr 'x))
                  (end-of-args-expr))
                 (box
                  (list
                   (list 'x (box (num-val 1)))
                   (list 'result (box (list-val '())))
                   (list
                    'f
                    (box (proc-val #<procedure:...oject/evaluator.rkt:55:14>)))
                   (list
                    'l
                    (box
                     (list-val (list (num-val 1) (num-val 2) (num-val 5)))))
                   (list
                    'map
                    (box (proc-val #<procedure:...oject/evaluator.rkt:55:14>)))
                   (list
                    '$index
                    (box
                     (proc-val #<procedure:...oject/evaluator.rkt:115:14>)))
                   (list '$none (box (none-val)))
                   (list '$f (box (bool-val #f)))
                   (list '$t (box (bool-val #t)))
                   (list
                    '$and
                    (box
                     (proc-val #<procedure:...oject/evaluator.rkt:121:14>)))
                   (list
                    '$or
                    (box
                     (proc-val #<procedure:...oject/evaluator.rkt:121:14>)))
                   (list
                    '$gt?
                    (box
                     (proc-val #<procedure:...oject/evaluator.rkt:127:14>)))
                   (list
                    '$lt?
                    (box
                     (proc-val #<procedure:...oject/evaluator.rkt:127:14>)))
                   (list
                    '$eq?
                    (box
                     (proc-val #<procedure:...oject/evaluator.rkt:127:14>)))
                   (list
                    '$dummy
                    (box (proc-val #<procedure:...oject/evaluator.rkt:95:14>)))
                   (list
                    '$div
                    (box (proc-val #<procedure:...oject/evaluator.rkt:95:14>)))
                   (list
                    '$minus
                    (box (proc-val #<procedure:...oject/evaluator.rkt:95:14>)))
                   (list
                    '$pow
                    (box (proc-val #<procedure:...oject/evaluator.rkt:95:14>)))
                   (list
                    '$plus
                    (box (proc-val #<procedure:...oject/evaluator.rkt:95:14>)))
                   (list
                    '$mul
                    (box
                     (proc-val #<procedure:...oject/evaluator.rkt:105:14>)))
                   (list
                    '$not
                    (box
                     (proc-val #<procedure:...oject/evaluator.rkt:136:30>)))
                   (list
                    'print
                    (box
                     (proc-val #<procedure:...oject/evaluator.rkt:135:31>)))))
                 (box
                  (list
                   (list
                    'multitwo
                    (box (proc-val #<procedure:...oject/evaluator.rkt:55:14>)))
                   (list
                    'map
                    (box (proc-val #<procedure:...oject/evaluator.rkt:55:14>)))
                   (list
                    '$index
                    (box
                     (proc-val #<procedure:...oject/evaluator.rkt:115:14>)))
                   (list '$none (box (none-val)))
                   (list '$f (box (bool-val #f)))
                   (list '$t (box (bool-val #t)))
                   (list
                    '$and
                    (box
                     (proc-val #<procedure:...oject/evaluator.rkt:121:14>)))
                   (list
                    '$or
                    (box
                     (proc-val #<procedure:...oject/evaluator.rkt:121:14>)))
                   (list
                    '$gt?
                    (box
                     (proc-val #<procedure:...oject/evaluator.rkt:127:14>)))
                   (list
                    '$lt?
                    (box
                     (proc-val #<procedure:...oject/evaluator.rkt:127:14>)))
                   (list
                    '$eq?
                    (box
                     (proc-val #<procedure:...oject/evaluator.rkt:127:14>)))
                   (list
                    '$dummy
                    (box (proc-val #<procedure:...oject/evaluator.rkt:95:14>)))
                   (list
                    '$div
                    (box (proc-val #<procedure:...oject/evaluator.rkt:95:14>)))
                   (list
                    '$minus
                    (box (proc-val #<procedure:...oject/evaluator.rkt:95:14>)))
                   (list
                    '$pow
                    (box (proc-val #<procedure:...oject/evaluator.rkt:95:14>)))
                   (list
                    '$plus
                    (box (proc-val #<procedure:...oject/evaluator.rkt:95:14>)))
                   (list
                    '$mul
                    (box
                     (proc-val #<procedure:...oject/evaluator.rkt:105:14>)))
                   (list
                    '$not
                    (box
                     (proc-val #<procedure:...oject/evaluator.rkt:136:30>)))
                   (list
                    'print
                    (box
                     (proc-val #<procedure:...oject/evaluator.rkt:135:31>)))
                   (list
                    'multitwo
                    (box (proc-val #<procedure:...oject/evaluator.rkt:55:14>)))
                   (list
                    'map
                    (box (proc-val #<procedure:...oject/evaluator.rkt:55:14>)))
                   (list
                    '$index
                    (box
                     (proc-val #<procedure:...oject/evaluator.rkt:115:14>)))
                   (list '$none (box (none-val)))
                   (list '$f (box (bool-val #f)))
                   (list '$t (box (bool-val #t)))
                   (list
                    '$and
                    (box
                     (proc-val #<procedure:...oject/evaluator.rkt:121:14>)))
                   (list
                    '$or
                    (box
                     (proc-val #<procedure:...oject/evaluator.rkt:121:14>)))
                   (list
                    '$gt?
                    (box
                     (proc-val #<procedure:...oject/evaluator.rkt:127:14>)))
                   (list
                    '$lt?
                    (box
                     (proc-val #<procedure:...oject/evaluator.rkt:127:14>)))
                   (list
                    '$eq?
                    (box
                     (proc-val #<procedure:...oject/evaluator.rkt:127:14>)))
                   (list
                    '$dummy
                    (box (proc-val #<procedure:...oject/evaluator.rkt:95:14>)))
                   (list
                    '$div
                    (box (proc-val #<procedure:...oject/evaluator.rkt:95:14>)))
                   (list
                    '$minus
                    (box (proc-val #<procedure:...oject/evaluator.rkt:95:14>)))
                   (list
                    '$pow
                    (box (proc-val #<procedure:...oject/evaluator.rkt:95:14>)))
                   (list
                    '$plus
                    (box (proc-val #<procedure:...oject/evaluator.rkt:95:14>)))
                   (list
                    '$mul
                    (box
                     (proc-val #<procedure:...oject/evaluator.rkt:105:14>)))
                   (list
                    '$not
                    (box
                     (proc-val #<procedure:...oject/evaluator.rkt:136:30>)))
                   (list
                    'print
                    (box
                     (proc-val
                      #<procedure:...oject/evaluator.rkt:135:31>))))))))))
            (list
             'f
             (box (proc-val #<procedure:...oject/evaluator.rkt:55:14>)))
            (list
             'l
             (box (list-val (list (num-val 1) (num-val 2) (num-val 5)))))
            (list
             'map
             (box (proc-val #<procedure:...oject/evaluator.rkt:55:14>)))
            (list
             '$index
             (box (proc-val #<procedure:...oject/evaluator.rkt:115:14>)))
            (list '$none (box (none-val)))
            (list '$f (box (bool-val #f)))
            (list '$t (box (bool-val #t)))
            (list
             '$and
             (box (proc-val #<procedure:...oject/evaluator.rkt:121:14>)))
            (list
             '$or
             (box (proc-val #<procedure:...oject/evaluator.rkt:121:14>)))
            (list
             '$gt?
             (box (proc-val #<procedure:...oject/evaluator.rkt:127:14>)))
            (list
             '$lt?
             (box (proc-val #<procedure:...oject/evaluator.rkt:127:14>)))
            (list
             '$eq?
             (box (proc-val #<procedure:...oject/evaluator.rkt:127:14>)))
            (list
             '$dummy
             (box (proc-val #<procedure:...oject/evaluator.rkt:95:14>)))
            (list
             '$div
             (box (proc-val #<procedure:...oject/evaluator.rkt:95:14>)))
            (list
             '$minus
             (box (proc-val #<procedure:...oject/evaluator.rkt:95:14>)))
            (list
             '$pow
             (box (proc-val #<procedure:...oject/evaluator.rkt:95:14>)))
            (list
             '$plus
             (box (proc-val #<procedure:...oject/evaluator.rkt:95:14>)))
            (list
             '$mul
             (box (proc-val #<procedure:...oject/evaluator.rkt:105:14>)))
            (list
             '$not
             (box (proc-val #<procedure:...oject/evaluator.rkt:136:30>)))
            (list
             'print
             (box (proc-val #<procedure:...oject/evaluator.rkt:135:31>)))))
          (box
           (list
            (list
             'multitwo
             (box (proc-val #<procedure:...oject/evaluator.rkt:55:14>)))
            (list
             'map
             (box (proc-val #<procedure:...oject/evaluator.rkt:55:14>)))
            (list
             '$index
             (box (proc-val #<procedure:...oject/evaluator.rkt:115:14>)))
            (list '$none (box (none-val)))
            (list '$f (box (bool-val #f)))
            (list '$t (box (bool-val #t)))
            (list
             '$and
             (box (proc-val #<procedure:...oject/evaluator.rkt:121:14>)))
            (list
             '$or
             (box (proc-val #<procedure:...oject/evaluator.rkt:121:14>)))
            (list
             '$gt?
             (box (proc-val #<procedure:...oject/evaluator.rkt:127:14>)))
            (list
             '$lt?
             (box (proc-val #<procedure:...oject/evaluator.rkt:127:14>)))
            (list
             '$eq?
             (box (proc-val #<procedure:...oject/evaluator.rkt:127:14>)))
            (list
             '$dummy
             (box (proc-val #<procedure:...oject/evaluator.rkt:95:14>)))
            (list
             '$div
             (box (proc-val #<procedure:...oject/evaluator.rkt:95:14>)))
            (list
             '$minus
             (box (proc-val #<procedure:...oject/evaluator.rkt:95:14>)))
            (list
             '$pow
             (box (proc-val #<procedure:...oject/evaluator.rkt:95:14>)))
            (list
             '$plus
             (box (proc-val #<procedure:...oject/evaluator.rkt:95:14>)))
            (list
             '$mul
             (box (proc-val #<procedure:...oject/evaluator.rkt:105:14>)))
            (list
             '$not
             (box (proc-val #<procedure:...oject/evaluator.rkt:136:30>)))
            (list
             'print
             (box (proc-val #<procedure:...oject/evaluator.rkt:135:31>)))
            (list
             'multitwo
             (box (proc-val #<procedure:...oject/evaluator.rkt:55:14>)))
            (list
             'map
             (box (proc-val #<procedure:...oject/evaluator.rkt:55:14>)))
            (list
             '$index
             (box (proc-val #<procedure:...oject/evaluator.rkt:115:14>)))
            (list '$none (box (none-val)))
            (list '$f (box (bool-val #f)))
            (list '$t (box (bool-val #t)))
            (list
             '$and
             (box (proc-val #<procedure:...oject/evaluator.rkt:121:14>)))
            (list
             '$or
             (box (proc-val #<procedure:...oject/evaluator.rkt:121:14>)))
            (list
             '$gt?
             (box (proc-val #<procedure:...oject/evaluator.rkt:127:14>)))
            (list
             '$lt?
             (box (proc-val #<procedure:...oject/evaluator.rkt:127:14>)))
            (list
             '$eq?
             (box (proc-val #<procedure:...oject/evaluator.rkt:127:14>)))
            (list
             '$dummy
             (box (proc-val #<procedure:...oject/evaluator.rkt:95:14>)))
            (list
             '$div
             (box (proc-val #<procedure:...oject/evaluator.rkt:95:14>)))
            (list
             '$minus
             (box (proc-val #<procedure:...oject/evaluator.rkt:95:14>)))
            (list
             '$pow
             (box (proc-val #<procedure:...oject/evaluator.rkt:95:14>)))
            (list
             '$plus
             (box (proc-val #<procedure:...oject/evaluator.rkt:95:14>)))
            (list
             '$mul
             (box (proc-val #<procedure:...oject/evaluator.rkt:105:14>)))
            (list
             '$not
             (box (proc-val #<procedure:...oject/evaluator.rkt:136:30>)))
            (list
             'print
             (box
              (proc-val #<procedure:...oject/evaluator.rkt:135:31>))))))))))
     (list 'f (box (proc-val #<procedure:...oject/evaluator.rkt:55:14>)))
     (list 'l (box (list-val (list (num-val 1) (num-val 2) (num-val 5)))))
     (list 'map (box (proc-val #<procedure:...oject/evaluator.rkt:55:14>)))
     (list '$index (box (proc-val #<procedure:...oject/evaluator.rkt:115:14>)))
     (list '$none (box (none-val)))
     (list '$f (box (bool-val #f)))
     (list '$t (box (bool-val #t)))
     (list '$and (box (proc-val #<procedure:...oject/evaluator.rkt:121:14>)))
     (list '$or (box (proc-val #<procedure:...oject/evaluator.rkt:121:14>)))
     (list '$gt? (box (proc-val #<procedure:...oject/evaluator.rkt:127:14>)))
     (list '$lt? (box (proc-val #<procedure:...oject/evaluator.rkt:127:14>)))
     (list '$eq? (box (proc-val #<procedure:...oject/evaluator.rkt:127:14>)))
     (list '$dummy (box (proc-val #<procedure:...oject/evaluator.rkt:95:14>)))
     (list '$div (box (proc-val #<procedure:...oject/evaluator.rkt:95:14>)))
     (list '$minus (box (proc-val #<procedure:...oject/evaluator.rkt:95:14>)))
     (list '$pow (box (proc-val #<procedure:...oject/evaluator.rkt:95:14>)))
     (list '$plus (box (proc-val #<procedure:...oject/evaluator.rkt:95:14>)))
     (list '$mul (box (proc-val #<procedure:...oject/evaluator.rkt:105:14>)))
     (list '$not (box (proc-val #<procedure:...oject/evaluator.rkt:136:30>)))
     (list
      'print
      (box (proc-val #<procedure:...oject/evaluator.rkt:135:31>)))))
   (box
    (list
     (list
      'multitwo
      (box (proc-val #<procedure:...oject/evaluator.rkt:55:14>)))
     (list 'map (box (proc-val #<procedure:...oject/evaluator.rkt:55:14>)))
     (list '$index (box (proc-val #<procedure:...oject/evaluator.rkt:115:14>)))
     (list '$none (box (none-val)))
     (list '$f (box (bool-val #f)))
     (list '$t (box (bool-val #t)))
     (list '$and (box (proc-val #<procedure:...oject/evaluator.rkt:121:14>)))
     (list '$or (box (proc-val #<procedure:...oject/evaluator.rkt:121:14>)))
     (list '$gt? (box (proc-val #<procedure:...oject/evaluator.rkt:127:14>)))
     (list '$lt? (box (proc-val #<procedure:...oject/evaluator.rkt:127:14>)))
     (list '$eq? (box (proc-val #<procedure:...oject/evaluator.rkt:127:14>)))
     (list '$dummy (box (proc-val #<procedure:...oject/evaluator.rkt:95:14>)))
     (list '$div (box (proc-val #<procedure:...oject/evaluator.rkt:95:14>)))
     (list '$minus (box (proc-val #<procedure:...oject/evaluator.rkt:95:14>)))
     (list '$pow (box (proc-val #<procedure:...oject/evaluator.rkt:95:14>)))
     (list '$plus (box (proc-val #<procedure:...oject/evaluator.rkt:95:14>)))
     (list '$mul (box (proc-val #<procedure:...oject/evaluator.rkt:105:14>)))
     (list '$not (box (proc-val #<procedure:...oject/evaluator.rkt:136:30>)))
     (list 'print (box (proc-val #<procedure:...oject/evaluator.rkt:135:31>)))
     (list
      'multitwo
      (box (proc-val #<procedure:...oject/evaluator.rkt:55:14>)))
     (list 'map (box (proc-val #<procedure:...oject/evaluator.rkt:55:14>)))
     (list '$index (box (proc-val #<procedure:...oject/evaluator.rkt:115:14>)))
     (list '$none (box (none-val)))
     (list '$f (box (bool-val #f)))
     (list '$t (box (bool-val #t)))
     (list '$and (box (proc-val #<procedure:...oject/evaluator.rkt:121:14>)))
     (list '$or (box (proc-val #<procedure:...oject/evaluator.rkt:121:14>)))
     (list '$gt? (box (proc-val #<procedure:...oject/evaluator.rkt:127:14>)))
     (list '$lt? (box (proc-val #<procedure:...oject/evaluator.rkt:127:14>)))
     (list '$eq? (box (proc-val #<procedure:...oject/evaluator.rkt:127:14>)))
     (list '$dummy (box (proc-val #<procedure:...oject/evaluator.rkt:95:14>)))
     (list '$div (box (proc-val #<procedure:...oject/evaluator.rkt:95:14>)))
     (list '$minus (box (proc-val #<procedure:...oject/evaluator.rkt:95:14>)))
     (list '$pow (box (proc-val #<procedure:...oject/evaluator.rkt:95:14>)))
     (list '$plus (box (proc-val #<procedure:...oject/evaluator.rkt:95:14>)))
     (list '$mul (box (proc-val #<procedure:...oject/evaluator.rkt:105:14>)))
     (list '$not (box (proc-val #<procedure:...oject/evaluator.rkt:136:30>)))
     (list
      'print
      (box (proc-val #<procedure:...oject/evaluator.rkt:135:31>))))))))
'finished
