Type Error: wrong assignment type
inner trace: 

(assign-stmt 'a (primitive-type (bool-type)) (num-expr 3))

